<pre style="max-height: 340px;overflow-y: scroll;"><code>[
    123456,
    &quot;string&quot;,
    true,
    {
        &quot;array&quot;: &quot;test&quot;
    }
]</code></pre>