<pre class="pre-scrollable"><code>[
    123456,
    &quot;string&quot;,
    true,
    {
        &quot;array&quot;: &quot;test&quot;
    }
]</code></pre>