<pre style="max-height: 340px;overflow-y: scroll;"><code>[]</code></pre>